Opened file: StepTest.js
Stack (1)
:program StepTest.js:8
Scope (3)
Local
this :  Object global{Object: function Object() {
global Global
Stack (1)
:program StepTest.js:27
Scope (3)
Local
this :  Object global{Object: function Object() {
global Global
Stack (1)
:program StepTest.js:29
Scope (3)
Local
this :  Object global{Object: function Object() {
global Global
Stack (2)
binarySearch StepTest.js:11
:program StepTest.js:29
Scope (5)
Local
this :  Object global{Object: function Object() {
array :  \(10\) \[1, 2, 3, 5, 8,.*
element :  12
global Global
Stack (2)
binarySearch StepTest.js:12
:program StepTest.js:29
Scope (6)
Local
this :  Object global{Object: function Object() {
array :  \(10\) \[1, 2, 3, 5, 8,.*
element :  12
i1 :  0
global Global
Stack (2)
binarySearch StepTest.js:13
:program StepTest.js:29
Scope (7)
Local
this :  Object global{Object: function Object() {
array :  \(10\) \[1, 2, 3, 5, 8,.*
element :  12
i1 :  0
i2 :  9
global Global
Stack (2)
binarySearch StepTest.js:16
:program StepTest.js:29
Scope (10)
Block
diff :  -4
i :  4
Local
this :  Object global{Object: function Object() {
array :  \(10\) \[1, 2, 3, 5, 8,.*
element :  12
i1 :  0
i2 :  9
global Global
Stack (2)
binarySearch StepTest.js:18
:program StepTest.js:29
Scope (10)
Block
diff :  -4
i :  4
Local
this :  Object global{Object: function Object() {
array :  \(10\) \[1, 2, 3, 5, 8,.*
element :  12
i1 :  0
i2 :  9
global Global
Stack (1)
:program StepTest.js:29
Scope (3)
Local
this :  Object global{Object: function Object() {
global Global
Index of element 12 is: 6
Index of element 8 is: 4
